[jgfi9rht9gkb0i445.blogspot.com/index.html]
[backblue.gif]
[fade.gif]
[index.html]
[jgfi9rht9gkb0i445.blogspot.com/kit.fontawesome.com/38f7dffd19.0.delayed]
[jgfi9rht9gkb0i445.blogspot.com/img/vivo.1.delayed]
[jgfi9rht9gkb0i445.blogspot.com/img/favicon.2.delayed]
[jgfi9rht9gkb0i445.blogspot.com/css/stylec924.3c924.delayed]
[jgfi9rht9gkb0i445.blogspot.com/css/embed6efc.46efc.delayed]
[jgfi9rht9gkb0i445.blogspot.com/s7.addthis.com/js/300/addthis_widget.5.delayed]
[apis.google.com/js/plusone.js]
[jgfi9rht9gkb0i445.blogspot.com/index-2.html]
[jgfi9rht9gkb0i445.blogspot.com/www.teleringa.com/ads/ads7280dc5.90dc5.delayed]
[jgfi9rht9gkb0i445.blogspot.com/waust.at/s.a.delayed]
[jgfi9rht9gkb0i445.blogspot.com/index.html]
[jgfi9rht9gkb0i445.blogspot.com/kit.fontawesome.com/38f7dffd19.html]
[jgfi9rht9gkb0i445.blogspot.com/img/vivo.html]
[jgfi9rht9gkb0i445.blogspot.com/img/favicon.html]
[jgfi9rht9gkb0i445.blogspot.com/css/stylec924c924.html]
[jgfi9rht9gkb0i445.blogspot.com/css/embed6efc6efc.html]
[jgfi9rht9gkb0i445.blogspot.com/s7.addthis.com/js/300/addthis_widget.html]
[www.blogger.com/static/v1/v-css/navbar/3334278262-classic.css]
[jgfi9rht9gkb0i445.blogspot.com/index-2.html]
[jgfi9rht9gkb0i445.blogspot.com/www.teleringa.com/ads/ads7280dc50dc5.html]
[jgfi9rht9gkb0i445.blogspot.com/waust.at/s.html]
